    Updating crates.io index
   Compiling cmg v0.1.0 (/home/runner/work/CMG/CMG)
    Finished `release` profile [optimized] target(s) in 9.52s
    Updating crates.io index
     Locking 4 packages to latest Rust 1.85 compatible versions
 Downloading crates ...
  Downloaded shlex v2.0.1
  Downloaded cc v1.4.4
  Downloaded find-msvc-tools v0.1.11
   Compiling find-msvc-tools v0.1.11
   Compiling shlex v2.0.1
   Compiling cmg v0.1.0 (/home/runner/work/CMG/CMG)
   Compiling cc v1.4.4
   Compiling cmg-c-kernel-bench v0.1.0 (/home/runner/work/CMG/CMG/benchmarks/c-kernel)
    Finished `release` profile [optimized] target(s) in 3.98s
{
  "schema": 3,
  "source_commit": "unknown",
  "benchmark_baseline_commit": "b45b252f88925028e3ad9a73a3f75eeab05f6754",
  "case": "path",
  "logical_cpus": 4,
  "vertices": 20000,
  "canonical_edges": 19999,
  "raw_edges": 19999,
  "rhs_count": 4,
  "repetitions": 5,
  "direct_threshold": 700,
  "generation_ns": 229850,
  "graph_build_median_ns": 287257,
  "hierarchy_build_median_ns": 48222871,
  "preconditioner_apply_median_ns": 508571,
  "solve_batch_median_ns": 74967960,
  "solve_per_rhs_median_ns": 18741990,
  "csr_build_median_ns": 88766,
  "matvec_loops": 1000,
  "edge_matvec_median_ns": 28542,
  "csr_matvec_median_ns": 44193,
  "csr_over_edge_matvec": 1.54834980029430302e0,
  "graph_core_bytes": 639976,
  "csr_bytes": 639984,
  "csr_uses_compact_indices": true,
  "hierarchy_core_bytes": 1285064,
  "terminal_factor_bytes": 41232,
  "cmg_workspace_bytes": 621624,
  "pcg_workspace_bytes": 1581680,
  "terminal_reason": "Direct",
  "level_vertices": [20000,7871,3613,645],
  "level_matrix_nonzeros": [59998,23611,10837,1933],
  "iterations": [26,26,26,26],
  "backward_errors": [7.18465322956828959e-9,7.03172765320618985e-9,7.18408875106878535e-9,7.27830500523987022e-9]
}
{
  "schema": 3,
  "source_commit": "unknown",
  "benchmark_baseline_commit": "b45b252f88925028e3ad9a73a3f75eeab05f6754",
  "case": "worker-firm",
  "logical_cpus": 4,
  "vertices": 20000,
  "canonical_edges": 34286,
  "raw_edges": 34286,
  "rhs_count": 4,
  "repetitions": 5,
  "direct_threshold": 700,
  "generation_ns": 394368,
  "graph_build_median_ns": 1595193,
  "hierarchy_build_median_ns": 12896075,
  "preconditioner_apply_median_ns": 1224790,
  "solve_batch_median_ns": 117931365,
  "solve_per_rhs_median_ns": 29482841,
  "csr_build_median_ns": 216915,
  "matvec_loops": 583,
  "edge_matvec_median_ns": 57603,
  "csr_matvec_median_ns": 69418,
  "csr_over_edge_matvec": 1.20511084492127152e0,
  "graph_core_bytes": 982864,
  "csr_bytes": 982872,
  "csr_uses_compact_indices": true,
  "hierarchy_core_bytes": 1545448,
  "terminal_factor_bytes": 561000,
  "cmg_workspace_bytes": 450640,
  "pcg_workspace_bytes": 1410696,
  "terminal_reason": "Direct",
  "level_vertices": [20000,3630,1183,373],
  "level_matrix_nonzeros": [88572,16818,9015,5987],
  "iterations": [20,20,20,20],
  "backward_errors": [5.48142744053352936e-9,4.95439940649845330e-9,5.79188118201235377e-9,5.49020964983533367e-9]
}
