   Compiling cmg v0.1.0 (/home/runner/work/CMG/CMG)
    Finished `release` profile [optimized] target(s) in 1.96s
   Compiling find-msvc-tools v0.1.11
   Compiling shlex v2.0.1
   Compiling cmg v0.1.0 (/home/runner/work/CMG/CMG)
   Compiling cc v1.4.4
   Compiling cmg-c-kernel-bench v0.1.0 (/home/runner/work/CMG/CMG/benchmarks/c-kernel)
    Finished `release` profile [optimized] target(s) in 2.38s
{
  "schema": 3,
  "source_commit": "unknown",
  "benchmark_baseline_commit": "b45b252f88925028e3ad9a73a3f75eeab05f6754",
  "case": "path",
  "logical_cpus": 4,
  "vertices": 20000,
  "canonical_edges": 19999,
  "raw_edges": 19999,
  "rhs_count": 4,
  "repetitions": 5,
  "direct_threshold": 700,
  "generation_ns": 200387,
  "graph_build_median_ns": 280055,
  "hierarchy_build_median_ns": 51523204,
  "preconditioner_apply_median_ns": 541743,
  "solve_batch_median_ns": 81581061,
  "solve_per_rhs_median_ns": 20395265,
  "csr_build_median_ns": 98185,
  "matvec_loops": 1000,
  "edge_matvec_median_ns": 30937,
  "csr_matvec_median_ns": 43759,
  "csr_over_edge_matvec": 1.41445518311407059e0,
  "graph_core_bytes": 639976,
  "csr_bytes": 639984,
  "csr_uses_compact_indices": true,
  "hierarchy_core_bytes": 1285064,
  "component_metadata_bytes": 160032,
  "terminal_factor_bytes": 41232,
  "cmg_workspace_bytes": 621528,
  "pcg_workspace_bytes": 1581584,
  "terminal_reason": "Direct",
  "level_vertices": [20000,7871,3613,645],
  "level_matrix_nonzeros": [59998,23611,10837,1933],
  "iterations": [26,26,26,26],
  "backward_errors": [7.18465322956828959e-9,7.03172765320618985e-9,7.18408875106878535e-9,7.27830500523987022e-9]
}
{
  "schema": 3,
  "source_commit": "unknown",
  "benchmark_baseline_commit": "b45b252f88925028e3ad9a73a3f75eeab05f6754",
  "case": "worker-firm",
  "logical_cpus": 4,
  "vertices": 20000,
  "canonical_edges": 34286,
  "raw_edges": 34286,
  "rhs_count": 4,
  "repetitions": 5,
  "direct_threshold": 700,
  "generation_ns": 398070,
  "graph_build_median_ns": 1591139,
  "hierarchy_build_median_ns": 13551673,
  "preconditioner_apply_median_ns": 1302090,
  "solve_batch_median_ns": 126481326,
  "solve_per_rhs_median_ns": 31620331,
  "csr_build_median_ns": 199946,
  "matvec_loops": 583,
  "edge_matvec_median_ns": 59724,
  "csr_matvec_median_ns": 73190,
  "csr_over_edge_matvec": 1.22547049762239646e0,
  "graph_core_bytes": 982864,
  "csr_bytes": 982872,
  "csr_uses_compact_indices": true,
  "hierarchy_core_bytes": 1545448,
  "component_metadata_bytes": 160032,
  "terminal_factor_bytes": 561000,
  "cmg_workspace_bytes": 450544,
  "pcg_workspace_bytes": 1410600,
  "terminal_reason": "Direct",
  "level_vertices": [20000,3630,1183,373],
  "level_matrix_nonzeros": [88572,16818,9015,5987],
  "iterations": [20,20,20,20],
  "backward_errors": [5.48142744053352936e-9,4.95439940649845330e-9,5.79188118201235377e-9,5.49020964983533367e-9]
}
   Compiling cmg v0.1.0 (/home/runner/work/CMG/CMG)
error[E0560]: struct `CmgOptions` has no field named `small_graph_direct_threshold`
  --> examples/compact_metadata_probe.rs:32:9
   |
32 |         small_graph_direct_threshold: 32,
   |         ^^^^^^^^^^^^^^^^^^^^^^^^^^^^ `CmgOptions` does not have this field
   |
   = note: available fields are: `low_effective_degree_threshold`

error[E0599]: no method named `component_count` found for struct `cmg::Components` in the current scope
  --> examples/compact_metadata_probe.rs:45:30
   |
45 |                 + components.component_count() * size_of::<usize>()
   |                              ^^^^^^^^^^^^^^^ method not found in `cmg::Components`

Some errors have detailed explanations: E0560, E0599.
For more information about an error, try `rustc --explain E0560`.
error: could not compile `cmg` (example "compact_metadata_probe") due to 2 previous errors
