    Updating crates.io index
   Compiling cmg v0.1.0 (/home/runner/work/CMG/CMG)
    Finished `release` profile [optimized] target(s) in 3.72s
    Updating crates.io index
     Locking 4 packages to latest Rust 1.85 compatible versions
 Downloading crates ...
  Downloaded cc v1.4.4
  Downloaded shlex v2.0.1
  Downloaded find-msvc-tools v0.1.11
   Compiling shlex v2.0.1
   Compiling find-msvc-tools v0.1.11
   Compiling cmg v0.1.0 (/home/runner/work/CMG/CMG)
   Compiling cc v1.4.4
   Compiling cmg-c-kernel-bench v0.1.0 (/home/runner/work/CMG/CMG/benchmarks/c-kernel)
    Finished `release` profile [optimized] target(s) in 3.30s
{
  "schema": 3,
  "source_commit": "unknown",
  "benchmark_baseline_commit": "b45b252f88925028e3ad9a73a3f75eeab05f6754",
  "case": "path",
  "logical_cpus": 4,
  "vertices": 20000,
  "canonical_edges": 19999,
  "raw_edges": 19999,
  "rhs_count": 4,
  "repetitions": 5,
  "direct_threshold": 700,
  "generation_ns": 189582,
  "graph_build_median_ns": 243413,
  "hierarchy_build_median_ns": 47868775,
  "preconditioner_apply_median_ns": 621195,
  "solve_batch_median_ns": 104825910,
  "solve_per_rhs_median_ns": 26206477,
  "csr_build_median_ns": 94546,
  "matvec_loops": 1000,
  "edge_matvec_median_ns": 28888,
  "csr_matvec_median_ns": 44178,
  "csr_over_edge_matvec": 1.52928551647743016e0,
  "graph_core_bytes": 639976,
  "csr_bytes": 639984,
  "csr_uses_compact_indices": true,
  "hierarchy_core_bytes": 1285064,
  "terminal_factor_bytes": 41232,
  "cmg_workspace_bytes": 878656,
  "pcg_workspace_bytes": 1838712,
  "terminal_reason": "Direct",
  "level_vertices": [20000,7871,3613,645],
  "level_matrix_nonzeros": [59998,23611,10837,1933],
  "iterations": [26,26,26,26],
  "backward_errors": [7.18465323370812011e-9,7.03172765117933844e-9,7.18408876158332297e-9,7.27830502852353457e-9]
}
{
  "schema": 3,
  "source_commit": "unknown",
  "benchmark_baseline_commit": "b45b252f88925028e3ad9a73a3f75eeab05f6754",
  "case": "worker-firm",
  "logical_cpus": 4,
  "vertices": 20000,
  "canonical_edges": 34286,
  "raw_edges": 34286,
  "rhs_count": 4,
  "repetitions": 5,
  "direct_threshold": 700,
  "generation_ns": 396057,
  "graph_build_median_ns": 1546681,
  "hierarchy_build_median_ns": 12691656,
  "preconditioner_apply_median_ns": 1301364,
  "solve_batch_median_ns": 138756338,
  "solve_per_rhs_median_ns": 34689084,
  "csr_build_median_ns": 261357,
  "matvec_loops": 583,
  "edge_matvec_median_ns": 56796,
  "csr_matvec_median_ns": 71440,
  "csr_over_edge_matvec": 1.25783505880695823e0,
  "graph_core_bytes": 982864,
  "csr_bytes": 982872,
  "csr_uses_compact_indices": true,
  "hierarchy_core_bytes": 1545448,
  "terminal_factor_bytes": 561000,
  "cmg_workspace_bytes": 652128,
  "pcg_workspace_bytes": 1612184,
  "terminal_reason": "Direct",
  "level_vertices": [20000,3630,1183,373],
  "level_matrix_nonzeros": [88572,16818,9015,5987],
  "iterations": [20,20,20,20],
  "backward_errors": [5.48142744013626181e-9,4.95439940624568593e-9,5.79188118202933744e-9,5.49020964965705309e-9]
}
