   Compiling cmg v0.1.0 (/home/runner/work/CMG/CMG)
    Finished `release` profile [optimized] target(s) in 1.81s
   Compiling shlex v2.0.1
   Compiling find-msvc-tools v0.1.11
   Compiling cmg v0.1.0 (/home/runner/work/CMG/CMG)
   Compiling cc v1.4.4
   Compiling cmg-c-kernel-bench v0.1.0 (/home/runner/work/CMG/CMG/benchmarks/c-kernel)
    Finished `release` profile [optimized] target(s) in 2.38s
{
  "schema": 3,
  "source_commit": "unknown",
  "benchmark_baseline_commit": "b45b252f88925028e3ad9a73a3f75eeab05f6754",
  "case": "path",
  "logical_cpus": 4,
  "vertices": 20000,
  "canonical_edges": 19999,
  "raw_edges": 19999,
  "rhs_count": 4,
  "repetitions": 5,
  "direct_threshold": 700,
  "generation_ns": 192949,
  "graph_build_median_ns": 264773,
  "hierarchy_build_median_ns": 47780170,
  "preconditioner_apply_median_ns": 617429,
  "solve_batch_median_ns": 86220201,
  "solve_per_rhs_median_ns": 21555050,
  "csr_build_median_ns": 88765,
  "matvec_loops": 1000,
  "edge_matvec_median_ns": 29181,
  "csr_matvec_median_ns": 44246,
  "csr_over_edge_matvec": 1.51626058051471846e0,
  "graph_core_bytes": 639976,
  "csr_bytes": 639984,
  "csr_uses_compact_indices": true,
  "hierarchy_core_bytes": 1285064,
  "terminal_factor_bytes": 41232,
  "cmg_workspace_bytes": 878656,
  "pcg_workspace_bytes": 1838712,
  "terminal_reason": "Direct",
  "level_vertices": [20000,7871,3613,645],
  "level_matrix_nonzeros": [59998,23611,10837,1933],
  "iterations": [26,26,26,26],
  "backward_errors": [7.18465323717440889e-9,7.03172765458276811e-9,7.18408875550204496e-9,7.27830502317893534e-9]
}
{
  "schema": 3,
  "source_commit": "unknown",
  "benchmark_baseline_commit": "b45b252f88925028e3ad9a73a3f75eeab05f6754",
  "case": "worker-firm",
  "logical_cpus": 4,
  "vertices": 20000,
  "canonical_edges": 34286,
  "raw_edges": 34286,
  "rhs_count": 4,
  "repetitions": 5,
  "direct_threshold": 700,
  "generation_ns": 389264,
  "graph_build_median_ns": 1566824,
  "hierarchy_build_median_ns": 12703083,
  "preconditioner_apply_median_ns": 1309657,
  "solve_batch_median_ns": 124090301,
  "solve_per_rhs_median_ns": 31022575,
  "csr_build_median_ns": 226822,
  "matvec_loops": 583,
  "edge_matvec_median_ns": 55764,
  "csr_matvec_median_ns": 71931,
  "csr_over_edge_matvec": 1.28991822681299761e0,
  "graph_core_bytes": 982864,
  "csr_bytes": 982872,
  "csr_uses_compact_indices": true,
  "hierarchy_core_bytes": 1545448,
  "terminal_factor_bytes": 561000,
  "cmg_workspace_bytes": 652128,
  "pcg_workspace_bytes": 1612184,
  "terminal_reason": "Direct",
  "level_vertices": [20000,3630,1183,373],
  "level_matrix_nonzeros": [88572,16818,9015,5987],
  "iterations": [20,20,20,20],
  "backward_errors": [5.48142743985063221e-9,4.95439940597499273e-9,5.79188118253984354e-9,5.49020964949153342e-9]
}
